[1m[92m   Compiling[0m cfg-if v1.0.5
[1m[92m   Compiling[0m bitflags v2.13.2
[1m[92m   Compiling[0m once_cell v1.21.4
[1m[92m   Compiling[0m log v0.4.34
[1m[92m   Compiling[0m smallvec v1.16.2
[1m[92m   Compiling[0m libc v0.2.190
[1m[92m   Compiling[0m linux-raw-sys v0.12.1
[1m[92m   Compiling[0m memchr v2.8.3
[1m[92m   Compiling[0m libloading v0.8.9
[1m[92m   Compiling[0m dlib v0.5.3
[1m[92m   Compiling[0m wayland-sys v0.31.11
[1m[92m   Compiling[0m downcast-rs v1.2.1
[1m[92m   Compiling[0m scoped-tls v1.0.1
[1m[92m   Compiling[0m zerofrom v0.1.8
[1m[92m   Compiling[0m stable_deref_trait v1.2.1
[1m[92m   Compiling[0m bytemuck v1.25.2
[1m[92m   Compiling[0m writeable v0.6.4
[1m[92m   Compiling[0m litemap v0.8.3
[1m[92m   Compiling[0m yoke v0.8.3
[1m[92m   Compiling[0m pin-project-lite v0.2.17
[1m[92m   Compiling[0m utf8_iter v1.0.4
[1m[92m   Compiling[0m quick-xml v0.41.0
[1m[92m   Compiling[0m simd-adler32 v0.3.10
[1m[92m   Compiling[0m zerovec v0.11.8
[1m[92m   Compiling[0m zerotrie v0.2.5
[1m[92m   Compiling[0m tracing-core v0.1.36
[1m[92m   Compiling[0m thiserror v1.0.69
[1m[92m   Compiling[0m tinystr v0.8.4
[1m[92m   Compiling[0m potential_utf v0.1.6
[1m[92m   Compiling[0m icu_locale_core v2.3.0
[1m[92m   Compiling[0m getrandom v0.3.4
[1m[92m   Compiling[0m icu_collections v2.3.0
[1m[92m   Compiling[0m zerocopy v0.8.62
[1m[92m   Compiling[0m tracing v0.1.44
[1m[92m   Compiling[0m rustix v1.1.5
[1m[92m   Compiling[0m scopeguard v1.2.0
[1m[92m   Compiling[0m xcursor v0.3.11
[1m[92m   Compiling[0m percent-encoding v2.3.2
[1m[92m   Compiling[0m xkeysym v0.2.1
[1m[92m   Compiling[0m cursor-icon v1.2.0
[1m[92m   Compiling[0m adler2 v2.0.1
[1m[92m   Compiling[0m linux-raw-sys v0.4.15
[1m[92m   Compiling[0m lock_api v0.4.14
[1m[92m   Compiling[0m memmap2 v0.9.11
[1m[92m   Compiling[0m rustix v0.38.44
[1m[92m   Compiling[0m icu_provider v2.3.1
[1m[92m   Compiling[0m parking_lot_core v0.9.12
[1m[92m   Compiling[0m icu_properties_data v2.3.0
[1m[92m   Compiling[0m icu_normalizer_data v2.3.0
[1m[92m   Compiling[0m ttf-parser v0.25.1
[1m[92m   Compiling[0m slab v0.4.12
[1m[92m   Compiling[0m icu_normalizer v2.3.0
[1m[92m   Compiling[0m icu_properties v2.3.0
[1m[92m   Compiling[0m wayland-scanner v0.31.11
[1m[92m   Compiling[0m parking_lot v0.12.5
[1m[92m   Compiling[0m ahash v0.8.12
[1m[92m   Compiling[0m x11-dl v2.21.0
[1m[92m   Compiling[0m crc32fast v1.5.2
[1m[92m   Compiling[0m miniz_oxide v0.9.1
[1m[92m   Compiling[0m emath v0.32.3
[1m[92m   Compiling[0m wayland-backend v0.3.17
[1m[92m   Compiling[0m polling v3.11.0
[1m[92m   Compiling[0m calloop v0.13.0
[1m[92m   Compiling[0m wayland-csd-frame v0.3.0
[1m[92m   Compiling[0m owned_ttf_parser v0.25.1
[1m[92m   Compiling[0m gethostname v1.1.0
[1m[92m   Compiling[0m ab_glyph_rasterizer v0.1.10
[1m[92m   Compiling[0m x11rb-protocol v0.13.2
[1m[92m   Compiling[0m as-raw-xcb-connection v1.0.1
[1m[92m   Compiling[0m ab_glyph v0.2.32
[1m[92m   Compiling[0m calloop v0.14.5
[1m[92m   Compiling[0m ecolor v0.32.3
[1m[92m   Compiling[0m flate2 v1.1.10
[1m[92m   Compiling[0m idna_adapter v1.2.2
[1m[92m   Compiling[0m num-traits v0.2.19
[1m[92m   Compiling[0m miniz_oxide v0.8.9
[1m[92m   Compiling[0m fdeflate v0.3.7
[1m[92m   Compiling[0m aho-corasick v1.1.5
[1m[92m   Compiling[0m nohash-hasher v0.2.0
[1m[92m   Compiling[0m profiling v1.0.18
[1m[92m   Compiling[0m regex-syntax v0.8.11
[1m[92m   Compiling[0m pxfm v0.1.30
[1m[92m   Compiling[0m wayland-client v0.31.15
[1m[92m   Compiling[0m zune-core v0.5.3
[1m[92m   Compiling[0m raw-window-handle v0.6.2
[1m[92m   Compiling[0m epaint_default_fonts v0.32.3
[1m[92m   Compiling[0m epaint v0.32.3
[1m[92m   Compiling[0m zune-jpeg v0.5.15
[1m[92m   Compiling[0m thiserror v2.0.21
[1m[92m   Compiling[0m png v0.18.1
[1m[92m   Compiling[0m wayland-protocols v0.32.13
[1m[92m   Compiling[0m wayland-cursor v0.31.14
[1m[92m   Compiling[0m calloop-wayland-source v0.3.0
[1m[92m   Compiling[0m moxcms v0.8.1
[1m[92m   Compiling[0m calloop-wayland-source v0.4.1
[1m[92m   Compiling[0m regex-automata v0.4.18
[1m[92m   Compiling[0m idna v1.1.0
[1m[92m   Compiling[0m wayland-protocols-wlr v0.3.12
[1m[92m   Compiling[0m x11rb v0.13.2
[1m[92m   Compiling[0m wayland-protocols-misc v0.3.12
[1m[92m   Compiling[0m wayland-protocols-experimental v20250721.0.1
[1m[92m   Compiling[0m smithay-client-toolkit v0.19.2
[1m[92m   Compiling[0m wayland-protocols-plasma v0.3.12
[1m[92m   Compiling[0m xkbcommon-dl v0.4.2
[1m[92m   Compiling[0m form_urlencoded v1.2.2
[1m[92m   Compiling[0m byteorder-lite v0.1.0
[1m[92m   Compiling[0m dpi v0.1.2
[1m[92m   Compiling[0m smol_str v0.2.2
[1m[92m   Compiling[0m unicode-segmentation v1.13.3
[1m[92m   Compiling[0m winit v0.30.13
[1m[92m   Compiling[0m egui v0.32.3
[1m[92m   Compiling[0m image v0.25.10
[1m[92m   Compiling[0m url v2.5.8
[1m[92m   Compiling[0m smithay-client-toolkit v0.20.0
[1m[92m   Compiling[0m regex v1.13.1
[1m[92m   Compiling[0m glutin_egl_sys v0.7.1
[1m[92m   Compiling[0m glutin_glx_sys v0.6.1
[1m[92m   Compiling[0m lazy_static v1.5.1
[1m[92m   Compiling[0m gettext-sys v0.26.0
[1m[92m   Compiling[0m glutin v0.32.3
[1m[92m   Compiling[0m locale_config v0.3.0
[1m[92m   Compiling[0m smithay-clipboard v0.7.3
[1m[92m   Compiling[0m memoffset v0.9.1
[1m[92m   Compiling[0m webbrowser v1.2.4
[1m[92m   Compiling[0m serde_core v1.0.229
[1m[92m   Compiling[0m arboard v3.6.1
[1m[92m   Compiling[0m dirs-sys v0.3.7
[1m[92m   Compiling[0m is-docker v0.2.0
[1m[92m   Compiling[0m glow v0.16.0
[1m[92m   Compiling[0m web-time v1.1.0
[1m[92m   Compiling[0m option-ext v0.2.0
[1m[92m   Compiling[0m dirs-sys v0.4.1
[1m[92m   Compiling[0m egui-winit v0.32.3
[1m[92m   Compiling[0m egui_glow v0.32.3
[1m[92m   Compiling[0m is-wsl v0.4.0
[1m[92m   Compiling[0m dirs v3.0.2
[1m[92m   Compiling[0m gettext-rs v0.7.7
[1m[92m   Compiling[0m glutin-winit v0.5.0
[1m[92m   Compiling[0m zmij v1.0.23
[1m[92m   Compiling[0m thread_local v1.1.10
[1m[92m   Compiling[0m static_assertions v1.1.0
[1m[92m   Compiling[0m itoa v1.0.18
[1m[92m   Compiling[0m xdg v2.5.2
[1m[92m   Compiling[0m freedesktop-desktop-entry v0.5.2
[1m[92m   Compiling[0m serde_json v1.0.151
[1m[92m   Compiling[0m eframe v0.32.3
[1m[92m   Compiling[0m serde v1.0.229
[1m[92m   Compiling[0m fuzzy-matcher v0.3.7
[1m[92m   Compiling[0m open v5.4.4
[1m[92m   Compiling[0m directories v5.0.1
[1m[92m   Compiling[0m riss_launcher v0.1.0 (/home/runner/work/RISS/RISS)
[1m[92m    Finished[0m `test` profile [unoptimized + debuginfo] target(s) in 1m 58s
[1m[92m     Running[0m unittests src/lib.rs (target/debug/deps/riss_launcher-1e928e0ab178755d)

running 44 tests
test history::tests::alias_can_be_set_and_cleared ... ok
test history::tests::add_favorite_is_idempotent_and_keeps_order ... ok
test history::tests::clear_favorites_reports_the_count_and_keeps_usage ... ok
test history::tests::favorite_index_is_none_for_unknown_apps ... ok
test history::tests::files_from_older_versions_still_load ... ok
test history::tests::frecent_decay_is_monotonic_in_age ... ok
test history::tests::frecent_prefers_recent_usage_over_old_volume ... ok
test history::tests::frequency_orders_by_launch_count ... ok
test history::tests::history_mode_from_key ... ok
test history::tests::move_favorite_by_clamps_at_both_ends ... ok
test history::tests::move_favorite_by_shifts_within_the_bar ... ok
test history::tests::move_favorite_to_reorders_and_clamps ... ok
test history::tests::moving_unknown_apps_leaves_the_bar_alone ... ok
test history::tests::never_launched_apps_score_zero ... ok
test history::tests::new_fields_survive_serde_roundtrip ... ok
test history::tests::recency_orders_by_last_launch ... ok
test history::tests::record_launch_updates_count_and_timestamp ... ok
test history::tests::remove_favorite_reports_whether_it_was_there ... ok
test history::tests::reset_rank_keeps_favorites_and_tags ... ok
test history::tests::serde_roundtrip_preserves_everything ... ok
test history::tests::clear_history_keeps_favorites_and_tags ... ok
test history::tests::search_and_exec_history_dedup_and_cap ... ok
test history::tests::shortcuts_are_unique_per_app ... ok
test history::tests::toggle_favorite_adds_then_removes ... ok
test providers::tests::builds_provider_urls ... ok
test providers::tests::detects_math ... ok
test providers::tests::formats_durations ... ok
test providers::tests::parses_timers ... ok
test providers::tests::resolves_provider_templates ... ok
test search::tests::aliases_rename_results ... ok
test search::tests::test_calculate ... ok
test search::tests::virtual_entries_carry_actions ... ok
test settings::tests::history_mode_choices_are_parseable ... ok
test settings::tests::every_non_action_spec_has_a_default ... ok
test settings::tests::merge_defaults_fills_missing_keys_but_keeps_overrides ... ok
test settings::tests::serde_roundtrip_preserves_values ... ok
test storage::tests::corrupt_file_is_quarantined ... ok
test storage::tests::corrupt_history_falls_back_to_default ... ok
test storage::tests::missing_file_reports_missing ... ok
test storage::tests::legacy_file_is_migrated ... ok
test storage::tests::canonical_file_wins_over_legacy ... ok
test storage::tests::save_and_load_roundtrip ... ok
test storage::tests::save_creates_missing_directories ... ok
test storage::tests::overwrite_replaces_previous_content ... ok

test result: ok. 44 passed; 0 failed; 0 ignored; 0 measured; 0 filtered out; finished in 0.00s

[1m[92m     Running[0m unittests src/main.rs (target/debug/deps/riss_launcher-2bc68843f0d46b33)

running 44 tests
test history::tests::add_favorite_is_idempotent_and_keeps_order ... ok
test history::tests::alias_can_be_set_and_cleared ... ok
test history::tests::clear_favorites_reports_the_count_and_keeps_usage ... ok
test history::tests::files_from_older_versions_still_load ... ok
test history::tests::clear_history_keeps_favorites_and_tags ... ok
test history::tests::frecent_decay_is_monotonic_in_age ... ok
test history::tests::frecent_prefers_recent_usage_over_old_volume ... ok
test history::tests::favorite_index_is_none_for_unknown_apps ... ok
test history::tests::frequency_orders_by_launch_count ... ok
test history::tests::move_favorite_by_clamps_at_both_ends ... ok
test history::tests::move_favorite_by_shifts_within_the_bar ... ok
test history::tests::move_favorite_to_reorders_and_clamps ... ok
test history::tests::moving_unknown_apps_leaves_the_bar_alone ... ok
test history::tests::never_launched_apps_score_zero ... ok
test history::tests::new_fields_survive_serde_roundtrip ... ok
test history::tests::recency_orders_by_last_launch ... ok
test history::tests::record_launch_updates_count_and_timestamp ... ok
test history::tests::remove_favorite_reports_whether_it_was_there ... ok
test history::tests::reset_rank_keeps_favorites_and_tags ... ok
test history::tests::shortcuts_are_unique_per_app ... ok
test history::tests::history_mode_from_key ... ok
test history::tests::serde_roundtrip_preserves_everything ... ok
test history::tests::search_and_exec_history_dedup_and_cap ... ok
test history::tests::toggle_favorite_adds_then_removes ... ok
test providers::tests::builds_provider_urls ... ok
test providers::tests::detects_math ... ok
test providers::tests::formats_durations ... ok
test providers::tests::resolves_provider_templates ... ok
test search::tests::aliases_rename_results ... ok
test search::tests::test_calculate ... ok
test search::tests::virtual_entries_carry_actions ... ok
test settings::tests::history_mode_choices_are_parseable ... ok
test settings::tests::every_non_action_spec_has_a_default ... ok
test providers::tests::parses_timers ... ok
test settings::tests::merge_defaults_fills_missing_keys_but_keeps_overrides ... ok
test settings::tests::serde_roundtrip_preserves_values ... ok
test storage::tests::corrupt_history_falls_back_to_default ... ok
test storage::tests::corrupt_file_is_quarantined ... ok
test storage::tests::canonical_file_wins_over_legacy ... ok
test storage::tests::missing_file_reports_missing ... ok
test storage::tests::legacy_file_is_migrated ... ok
test storage::tests::save_and_load_roundtrip ... ok
test storage::tests::save_creates_missing_directories ... ok
test storage::tests::overwrite_replaces_previous_content ... ok

test result: ok. 44 passed; 0 failed; 0 ignored; 0 measured; 0 filtered out; finished in 0.00s

